 
cpldfit:  version P.20131013                        Xilinx Inc.
                                  Fitter Report
Design Name: ElectronAP5                         Date:  5-14-2017, 12:19PM
Device Used: XC9572-15-TQ100
Fitting Status: Successful

*************************  Mapped Resource Summary  **************************

Macrocells     Product Terms    Function Block   Registers      Pins           
Used/Tot       Used/Tot         Inps Used/Tot    Used/Tot       Used/Tot       
39 /72  ( 54%) 95  /360  ( 26%) 91 /144 ( 63%)   19 /72  ( 26%) 56 /72  ( 78%)

** Function Block Resources **

Function    Mcells      FB Inps     Signals     Pterms      IO          
Block       Used/Tot    Used/Tot    Used        Used/Tot    Used/Tot    
FB1           9/18       34/36       34          32/90       9/18
FB2           9/18       13/36       13          13/90       9/18
FB3          13/18       29/36       29          32/90       3/18
FB4           8/18       15/36       15          18/90       8/18
             -----       -----                   -----       -----     
             39/72       91/144                  95/360     29/72 

* - Resource is exhausted

** Global Control Resources **

The complement of 'CLK16MHz' mapped onto global clock net GCK1.
Signal 'CLK16MHz' mapped onto global clock net GCK2.
The complement of 'Phi0' mapped onto global clock net GCK3.
Global output enable net(s) unused.
Global set/reset net(s) unused.

** Pin Resources **

Signal Type    Required     Mapped  |  Pin Type            Used    Total 
------------------------------------|------------------------------------
Input         :   25          25    |  I/O              :    50      66
Output        :   21          21    |  GCK/IO           :     3       3
Bidirectional :    8           8    |  GTS/IO           :     2       2
GCK           :    2           2    |  GSR/IO           :     1       1
GTS           :    0           0    |
GSR           :    0           0    |
                 ----        ----
        Total     56          56

** Power Data **

There are 39 macrocells in high performance mode (MCHP).
There are 0 macrocells in low power mode (MCLP).
End of Mapped Resource Summary
**************************  Errors and Warnings  ***************************

WARNING:Cpld - Unable to retrieve the path to the iSE Project Repository. Will
   use the default filename of 'ElectronAP5.ise'.
WARNING:Cpld:1007 - Removing unused input(s) 'A<8>'.  The input(s) are unused
   after optimization. Please verify functionality via simulation.
*************************  Summary of Mapped Logic  ************************

** 29 Outputs **

Signal              Total Total Loc     Pin  Pin     Pin     Pwr  Slew Reg Init
Name                Pts   Inps          No.  Type    Use     Mode Rate State
D<7>                4     14    FB1_1   16   I/O     I/O     STD  FAST RESET
nCE1                3     9     FB1_2   13   I/O     O       STD  FAST 
D<6>                4     14    FB1_3   18   I/O     I/O     STD  FAST RESET
nCE2                4     9     FB1_5   14   I/O     O       STD  FAST 
D<5>                4     14    FB1_7   25   I/O     I/O     STD  FAST RESET
D<1>                4     14    FB1_10  28   I/O     I/O     STD  FAST RESET
D<4>                4     14    FB1_15  29   I/O     I/O     STD  FAST RESET
D<2>                4     14    FB1_17  30   I/O     I/O     STD  FAST RESET
nCE13               1     1     FB1_18  40   I/O     O       STD  FAST 
BnRW                1     1     FB2_1   87   I/O     O       STD  FAST 
S1RnW               2     4     FB2_2   94   I/O     O       STD  FAST 
nOE13               1     1     FB2_3   91   I/O     O       STD  FAST 
A14                 2     3     FB2_4   93   I/O     O       STD  FAST 
S2RnW               3     7     FB2_5   95   I/O     O       STD  FAST 
nFCBx               1     5     FB2_6   96   I/O     O       STD  FAST 
nOE1                1     1     FB2_15  11   I/O     O       STD  FAST 
nOE2                1     1     FB2_16  10   I/O     O       STD  FAST 
BRnW13              1     3     FB2_18  92   I/O     O       STD  FAST 
D<3>                4     14    FB3_2   32   I/O     I/O     STD  FAST RESET
D<0>                4     14    FB3_5   35   I/O     I/O     STD  FAST RESET
nNMI                1     1     FB3_12  61   I/O     O       STD  FAST 
BnPFC               4     5     FB4_4   72   I/O     O       STD  FAST 
B1MHz               4     7     FB4_6   76   I/O     O       STD  FAST RESET
nSELA               1     6     FB4_8   68   I/O     O       STD  FAST 
BRnW                1     1     FB4_11  74   I/O     O       STD  FAST 
BnPFD               1     1     FB4_13  85   I/O     O       STD  FAST 
nSELT               1     5     FB4_15  89   I/O     O       STD  FAST 
DIRA                1     1     FB4_16  86   I/O     O       STD  FAST 
nSELB               5     7     FB4_17  90   I/O     O       STD  FAST 

** 10 Buried Nodes **

Signal              Total Total Loc     Pwr  Reg Init
Name                Pts   Inps          Mode State
syncCount<0>        1     4     FB3_8   STD  RESET
Phi0S               1     1     FB3_9   STD  RESET
state<1>            2     4     FB3_10  STD  RESET
state<0>            2     11    FB3_11  STD  RESET
NMID                2     2     FB3_13  STD  RESET
CEN                 2     11    FB3_14  STD  RESET
syncCount<1>        3     5     FB3_15  STD  RESET
BEN                 3     12    FB3_16  STD  RESET
AEN                 3     12    FB3_17  STD  RESET
syncCount<2>        4     6     FB3_18  STD  RESET

** 27 Inputs **

Signal              Loc     Pin  Pin     Pin     
Name                        No.  Type    Use     
A<3>                FB1_4   20   I/O     I
A<1>                FB1_6   15   I/O     I
A<0>                FB1_8   17   I/O     I
RnW                 FB1_9   22   GCK/I/O I
CLK16MHz            FB1_11  23   GCK/I/O GCK
A<2>                FB1_12  33   I/O     I
LKD13               FB1_13  36   I/O     I
Phi0                FB1_14  27   GCK/I/O GCK/I
A<12>               FB1_16  39   I/O     I
A<6>                FB2_7   3    GTS/I/O I
A<13>               FB2_8   97   I/O     I
A<7>                FB2_9   99   GSR/I/O I
A<9>                FB2_11  4    GTS/I/O I
A<5>                FB2_12  6    I/O     I
A<11>               FB2_13  8    I/O     I
A<4>                FB2_14  9    I/O     I
A<10>               FB2_17  12   I/O     I
nROM13              FB3_1   41   I/O     I
nROE                FB3_3   49   I/O     I
nRST                FB3_4   50   I/O     I
LKD02               FB3_8   37   I/O     I
QA                  FB3_10  60   I/O     I
nPFC                FB3_17  58   I/O     I
nPFD                FB3_18  59   I/O     I
nNMI1MHz            FB4_3   71   I/O     I
R13256KS            FB4_5   67   I/O     I
MMCM                FB4_9   70   I/O     I

Legend:
Pin No. - ~ - User Assigned
**************************  Function Block Details  ************************
Legend:
Total Pt     - Total product terms used by the macrocell signal
Imp Pt       - Product terms imported from other macrocells
Exp Pt       - Product terms exported to other macrocells
               in direction shown
Unused Pt    - Unused local product terms remaining in macrocell
Loc          - Location where logic was mapped in device
Pin Type/Use - I  - Input             GCK - Global Clock
               O  - Output            GTS - Global Output Enable
              (b) - Buried macrocell  GSR - Global Set/Reset
X(@)         - Signal used as input (wire-AND input) to the macrocell logic.
               The number of Signals Used may exceed the number of FB Inputs
               Used due to wire-ANDing in the switch matrix.
Pin No.      - ~  - User Assigned
*********************************** FB1  ***********************************
Number of function block inputs used/remaining:               34/2
Number of signals used by logic mapping into function block:  34
Signal              Total   Imp   Exp Unused  Loc     Pin   Pin     Pin
Name                Pt      Pt    Pt  Pt               #    Type    Use
D<7>                  4       0     0   1     FB1_1   16    I/O     I/O
nCE1                  3       0     0   2     FB1_2   13    I/O     O
D<6>                  4       0     0   1     FB1_3   18    I/O     I/O
(unused)              0       0     0   5     FB1_4   20    I/O     I
nCE2                  4       0     0   1     FB1_5   14    I/O     O
(unused)              0       0     0   5     FB1_6   15    I/O     I
D<5>                  4       0     0   1     FB1_7   25    I/O     I/O
(unused)              0       0     0   5     FB1_8   17    I/O     I
(unused)              0       0     0   5     FB1_9   22    GCK/I/O I
D<1>                  4       0     0   1     FB1_10  28    I/O     I/O
(unused)              0       0     0   5     FB1_11  23    GCK/I/O GCK
(unused)              0       0     0   5     FB1_12  33    I/O     I
(unused)              0       0     0   5     FB1_13  36    I/O     I
(unused)              0       0     0   5     FB1_14  27    GCK/I/O GCK/I
D<4>                  4       0     0   1     FB1_15  29    I/O     I/O
(unused)              0       0     0   5     FB1_16  39    I/O     I
D<2>                  4       0     0   1     FB1_17  30    I/O     I/O
nCE13                 1       0     0   4     FB1_18  40    I/O     O

Signals Used by Logic in Function Block
  1: A<0>              13: A<9>              24: R13256KS 
  2: A<10>             14: RnW               25: nROM13 
  3: A<11>             15: MMCM              26: nPFC 
  4: A<12>             16: D<7>.PIN          27: nROE 
  5: A<13>             17: D<6>.PIN          28: nRST 
  6: A<1>              18: D<5>.PIN          29: test<1>.LFBK 
  7: A<2>              19: D<4>.PIN          30: test<2>.LFBK 
  8: A<3>              20: D<2>.PIN          31: test<4>.LFBK 
  9: A<4>              21: D<1>.PIN          32: test<5>.LFBK 
 10: A<5>              22: Phi0              33: test<6>.LFBK 
 11: A<6>              23: QA                34: test<7>.LFBK 
 12: A<7>             

Signal                        1         2         3         4 Signals FB
Name                0----+----0----+----0----+----0----+----0 Used    Inputs
D<7>                 X....XXXXXXX.X.X.....X...X.X.....X...... 14      14
nCE1                 .XXXX.......X.X.......XX..X............. 9       9
D<6>                 X....XXXXXXX.X..X....X...X.X....X....... 14      14
nCE2                 .XXXX.......X.X.......XX..X............. 9       9
D<5>                 X....XXXXXXX.X...X...X...X.X...X........ 14      14
D<1>                 X....XXXXXXX.X......XX...X.XX........... 14      14
D<4>                 X....XXXXXXX.X....X..X...X.X..X......... 14      14
D<2>                 X....XXXXXXX.X.....X.X...X.X.X.......... 14      14
nCE13                ........................X............... 1       1
                    0----+----1----+----2----+----3----+----4
                              0         0         0         0
*********************************** FB2  ***********************************
Number of function block inputs used/remaining:               13/23
Number of signals used by logic mapping into function block:  13
Signal              Total   Imp   Exp Unused  Loc     Pin   Pin     Pin
Name                Pt      Pt    Pt  Pt               #    Type    Use
BnRW                  1       0     0   4     FB2_1   87    I/O     O
S1RnW                 2       0     0   3     FB2_2   94    I/O     O
nOE13                 1       0     0   4     FB2_3   91    I/O     O
A14                   2       0     0   3     FB2_4   93    I/O     O
S2RnW                 3       0     0   2     FB2_5   95    I/O     O
nFCBx                 1       0     0   4     FB2_6   96    I/O     O
(unused)              0       0     0   5     FB2_7   3     GTS/I/O I
(unused)              0       0     0   5     FB2_8   97    I/O     I
(unused)              0       0     0   5     FB2_9   99    GSR/I/O I
(unused)              0       0     0   5     FB2_10  1     I/O     
(unused)              0       0     0   5     FB2_11  4     GTS/I/O I
(unused)              0       0     0   5     FB2_12  6     I/O     I
(unused)              0       0     0   5     FB2_13  8     I/O     I
(unused)              0       0     0   5     FB2_14  9     I/O     I
nOE1                  1       0     0   4     FB2_15  11    I/O     O
nOE2                  1       0     0   4     FB2_16  10    I/O     O
(unused)              0       0     0   5     FB2_17  12    I/O     I
BRnW13                1       0     0   4     FB2_18  92    I/O     O

Signals Used by Logic in Function Block
  1: AEN                6: BEN               10: Phi0 
  2: A<4>               7: CEN               11: QA 
  3: A<5>               8: RnW               12: R13256KS 
  4: A<6>               9: MMCM              13: nPFC 
  5: A<7>             

Signal                        1         2         3         4 Signals FB
Name                0----+----0----+----0----+----0----+----0 Used    Inputs
BnRW                 .......X................................ 1       1
S1RnW                X......XXX.............................. 4       4
nOE13                .......X................................ 1       1
A14                  ........X.XX............................ 3       3
S2RnW                X....X.XXXXX............................ 7       7
nFCBx                .XXXX.......X........................... 5       5
nOE1                 .......X................................ 1       1
nOE2                 .......X................................ 1       1
BRnW13               ......XX.X.............................. 3       3
                    0----+----1----+----2----+----3----+----4
                              0         0         0         0
*********************************** FB3  ***********************************
Number of function block inputs used/remaining:               29/7
Number of signals used by logic mapping into function block:  29
Signal              Total   Imp   Exp Unused  Loc     Pin   Pin     Pin
Name                Pt      Pt    Pt  Pt               #    Type    Use
(unused)              0       0     0   5     FB3_1   41    I/O     I
D<3>                  4       0     0   1     FB3_2   32    I/O     I/O
(unused)              0       0     0   5     FB3_3   49    I/O     I
(unused)              0       0     0   5     FB3_4   50    I/O     I
D<0>                  4       0     0   1     FB3_5   35    I/O     I/O
(unused)              0       0     0   5     FB3_6   53    I/O     
(unused)              0       0     0   5     FB3_7   54    I/O     
syncCount<0>          1       0     0   4     FB3_8   37    I/O     I
Phi0S                 1       0     0   4     FB3_9   42    I/O     (b)
state<1>              2       0     0   3     FB3_10  60    I/O     I
state<0>              2       0     0   3     FB3_11  52    I/O     (b)
nNMI                  1       0     0   4     FB3_12  61    I/O     O
NMID                  2       0     0   3     FB3_13  63    I/O     (b)
CEN                   2       0     0   3     FB3_14  55    I/O     (b)
syncCount<1>          3       0     0   2     FB3_15  56    I/O     (b)
BEN                   3       0     0   2     FB3_16  65    I/O     (b)
AEN                   3       0     0   2     FB3_17  58    I/O     I
syncCount<2>          4       0     0   1     FB3_18  59    I/O     I

Signals Used by Logic in Function Block
  1: AEN.LFBK          11: CEN.LFBK          21: nPFC 
  2: A<0>              12: RnW               22: nRST 
  3: A<1>              13: LKD02             23: state<0>.LFBK 
  4: A<2>              14: LKD13             24: state<1>.LFBK 
  5: A<3>              15: D<3>.PIN          25: syncCount<0>.LFBK 
  6: A<4>              16: D<0>.PIN          26: syncCount<1>.LFBK 
  7: A<5>              17: NMID.LFBK         27: syncCount<2>.LFBK 
  8: A<6>              18: Phi0S.LFBK        28: test<0>.LFBK 
  9: A<7>              19: Phi0              29: test<3>.LFBK 
 10: BEN.LFBK          20: nNMI1MHz         

Signal                        1         2         3         4 Signals FB
Name                0----+----0----+----0----+----0----+----0 Used    Inputs
D<3>                 .XXXXXXXX..X..X...X.XX......X........... 14      14
D<0>                 .XXXXXXXX..X...X..X.XX.....X............ 14      14
syncCount<0>         .................X....XXX............... 4       4
Phi0S                ..................X..................... 1       1
state<1>             .................X...XXX................ 4       4
state<0>             .....XXXX..X.....XX.XXXX................ 11      11
nNMI                 ................X....................... 1       1
NMID                 ...................X.X.................. 2       2
CEN                  .XXXXXXXX.XX........X................... 11      11
syncCount<1>         .................X....XXXX.............. 5       5
BEN                  .XXXXXXXXX.X.X......X................... 12      12
AEN                  XXXXXXXXX..XX.......X................... 12      12
syncCount<2>         .................X....XXXXX............. 6       6
                    0----+----1----+----2----+----3----+----4
                              0         0         0         0
*********************************** FB4  ***********************************
Number of function block inputs used/remaining:               15/21
Number of signals used by logic mapping into function block:  15
Signal              Total   Imp   Exp Unused  Loc     Pin   Pin     Pin
Name                Pt      Pt    Pt  Pt               #    Type    Use
(unused)              0       0     0   5     FB4_1   66    I/O     
(unused)              0       0     0   5     FB4_2   64    I/O     
(unused)              0       0     0   5     FB4_3   71    I/O     I
BnPFC                 4       0     0   1     FB4_4   72    I/O     O
(unused)              0       0     0   5     FB4_5   67    I/O     I
B1MHz                 4       0     0   1     FB4_6   76    I/O     O
(unused)              0       0     0   5     FB4_7   77    I/O     
nSELA                 1       0     0   4     FB4_8   68    I/O     O
(unused)              0       0     0   5     FB4_9   70    I/O     I
(unused)              0       0     0   5     FB4_10  81    I/O     
BRnW                  1       0     0   4     FB4_11  74    I/O     O
(unused)              0       0     0   5     FB4_12  82    I/O     
BnPFD                 1       0     0   4     FB4_13  85    I/O     O
(unused)              0       0     0   5     FB4_14  78    I/O     
nSELT                 1       0     0   4     FB4_15  89    I/O     O
DIRA                  1       0     0   4     FB4_16  86    I/O     O
nSELB                 5       0     0   0     FB4_17  90    I/O     O
(unused)              0       0     0   5     FB4_18  79    I/O     

Signals Used by Logic in Function Block
  1: A<4>               6: RnW               11: state<1> 
  2: A<5>               7: Phi0S             12: syncCount<0> 
  3: A<6>               8: Phi0              13: syncCount<1> 
  4: A<7>               9: nPFC              14: syncCount<2> 
  5: nPFD              10: state<0>          15: syncCount<3>.LFBK 

Signal                        1         2         3         4 Signals FB
Name                0----+----0----+----0----+----0----+----0 Used    Inputs
BnPFC                XXXX....X............................... 5       5
B1MHz                ......X..XXXXXX......................... 7       7
nSELA                XXXX...XX............................... 6       6
BRnW                 .....X.................................. 1       1
BnPFD                ....X................................... 1       1
nSELT                XXXX....X............................... 5       5
DIRA                 .....X.................................. 1       1
nSELB                XXXXX..XX............................... 7       7
                    0----+----1----+----2----+----3----+----4
                              0         0         0         0
*******************************  Equations  ********************************

********** Mapped Logic **********


A14 <= ((QA)
	OR (MMCM AND R13256KS));

FTCPE_AEN: FTCPE port map (AEN,AEN_T,NOT Phi0,'0','0');
AEN_T <= ((NOT LKD02 AND NOT AEN.LFBK)
	OR (NOT RnW AND A(7) AND A(6) AND A(4) AND A(2) AND NOT A(1) AND 
	NOT A(0) AND NOT nPFC AND A(3) AND NOT A(5) AND NOT AEN.LFBK)
	OR (NOT RnW AND A(7) AND A(6) AND A(4) AND A(2) AND NOT A(1) AND 
	A(0) AND NOT nPFC AND A(3) AND NOT A(5) AND LKD02 AND AEN.LFBK));

FTCPE_B1MHz: FTCPE port map (B1MHz,B1MHz_T,CLK16MHz,'0','0');
B1MHz_T <= ((state(0) AND syncCount(0) AND syncCount(1) AND 
	syncCount(2))
	OR (NOT state(0) AND state(1) AND NOT Phi0S AND syncCount(3).LFBK)
	OR (NOT state(1) AND syncCount(0) AND syncCount(1) AND 
	syncCount(2))
	OR (Phi0S AND syncCount(0) AND syncCount(1) AND 
	syncCount(2)));

FTCPE_BEN: FTCPE port map (BEN,BEN_T,NOT Phi0,'0','0');
BEN_T <= ((NOT LKD13 AND NOT BEN.LFBK)
	OR (NOT RnW AND A(7) AND A(6) AND A(4) AND A(2) AND A(1) AND 
	NOT A(0) AND NOT nPFC AND A(3) AND NOT A(5) AND NOT BEN.LFBK)
	OR (NOT RnW AND A(7) AND A(6) AND A(4) AND A(2) AND A(1) AND 
	A(0) AND NOT nPFC AND A(3) AND NOT A(5) AND LKD13 AND BEN.LFBK));


BRnW <= RnW;


BRnW13 <= NOT ((NOT RnW AND Phi0 AND CEN));


BnPFC <= NOT (((NOT A(7) AND NOT A(6) AND NOT nPFC)
	OR (NOT A(6) AND NOT A(4) AND NOT nPFC)
	OR (NOT A(7) AND NOT A(4) AND NOT nPFC AND NOT A(5))
	OR (A(7) AND A(6) AND A(4) AND NOT nPFC AND A(5))));


BnPFD <= nPFD;


BnRW <= NOT RnW;

FTCPE_CEN: FTCPE port map (CEN,CEN_T,NOT Phi0,'0','0');
CEN_T <= ((NOT RnW AND A(7) AND A(6) AND A(4) AND NOT A(2) AND A(1) AND 
	A(0) AND NOT nPFC AND A(3) AND NOT A(5) AND CEN.LFBK)
	OR (NOT RnW AND A(7) AND A(6) AND A(4) AND NOT A(2) AND A(1) AND 
	NOT A(0) AND NOT nPFC AND A(3) AND NOT A(5) AND NOT CEN.LFBK));

FTCPE_D0: FTCPE port map (D_I(0),D_T(0),NOT Phi0,'0','0');
D_T(0) <= ((NOT nRST AND test(0).LFBK)
	OR (NOT RnW AND A(7) AND A(6) AND A(4) AND A(2) AND A(1) AND 
	A(0) AND NOT nPFC AND NOT A(3) AND NOT A(5) AND NOT D(0).PIN AND test(0).LFBK)
	OR (NOT RnW AND A(7) AND A(6) AND A(4) AND A(2) AND A(1) AND 
	A(0) AND NOT nPFC AND NOT A(3) AND NOT A(5) AND nRST AND D(0).PIN AND 
	NOT test(0).LFBK));
D(0) <= D_I(0) when D_OE(0) = '1' else 'Z';
D_OE(0) <= (RnW AND Phi0 AND A(7) AND A(6) AND A(4) AND A(2) AND 
	A(1) AND A(0) AND NOT nPFC AND NOT A(3) AND NOT A(5));

FTCPE_D1: FTCPE port map (D_I(1),D_T(1),NOT Phi0,'0','0');
D_T(1) <= ((NOT nRST AND NOT test(1).LFBK)
	OR (NOT RnW AND A(7) AND A(6) AND A(4) AND A(2) AND A(1) AND 
	A(0) AND NOT nPFC AND NOT A(3) AND NOT A(5) AND D(1).PIN AND NOT test(1).LFBK)
	OR (NOT RnW AND A(7) AND A(6) AND A(4) AND A(2) AND A(1) AND 
	A(0) AND NOT nPFC AND NOT A(3) AND NOT A(5) AND nRST AND NOT D(1).PIN AND 
	test(1).LFBK));
D(1) <= D_I(1) when D_OE(1) = '1' else 'Z';
D_OE(1) <= (RnW AND Phi0 AND A(7) AND A(6) AND A(4) AND A(2) AND 
	A(1) AND A(0) AND NOT nPFC AND NOT A(3) AND NOT A(5));

FTCPE_D2: FTCPE port map (D_I(2),D_T(2),NOT Phi0,'0','0');
D_T(2) <= ((NOT nRST AND test(2).LFBK)
	OR (NOT RnW AND A(7) AND A(6) AND A(4) AND A(2) AND A(1) AND 
	A(0) AND NOT nPFC AND NOT A(3) AND NOT A(5) AND NOT D(2).PIN AND test(2).LFBK)
	OR (NOT RnW AND A(7) AND A(6) AND A(4) AND A(2) AND A(1) AND 
	A(0) AND NOT nPFC AND NOT A(3) AND NOT A(5) AND nRST AND D(2).PIN AND 
	NOT test(2).LFBK));
D(2) <= D_I(2) when D_OE(2) = '1' else 'Z';
D_OE(2) <= (RnW AND Phi0 AND A(7) AND A(6) AND A(4) AND A(2) AND 
	A(1) AND A(0) AND NOT nPFC AND NOT A(3) AND NOT A(5));

FTCPE_D3: FTCPE port map (D_I(3),D_T(3),NOT Phi0,'0','0');
D_T(3) <= ((NOT nRST AND NOT test(3).LFBK)
	OR (NOT RnW AND A(7) AND A(6) AND A(4) AND A(2) AND A(1) AND 
	A(0) AND NOT nPFC AND NOT A(3) AND NOT A(5) AND D(3).PIN AND NOT test(3).LFBK)
	OR (NOT RnW AND A(7) AND A(6) AND A(4) AND A(2) AND A(1) AND 
	A(0) AND NOT nPFC AND NOT A(3) AND NOT A(5) AND nRST AND NOT D(3).PIN AND 
	test(3).LFBK));
D(3) <= D_I(3) when D_OE(3) = '1' else 'Z';
D_OE(3) <= (RnW AND Phi0 AND A(7) AND A(6) AND A(4) AND A(2) AND 
	A(1) AND A(0) AND NOT nPFC AND NOT A(3) AND NOT A(5));

FTCPE_D4: FTCPE port map (D_I(4),D_T(4),NOT Phi0,'0','0');
D_T(4) <= ((NOT nRST AND NOT test(4).LFBK)
	OR (NOT RnW AND A(7) AND A(6) AND A(4) AND A(2) AND A(1) AND 
	A(0) AND NOT nPFC AND NOT A(3) AND NOT A(5) AND D(4).PIN AND NOT test(4).LFBK)
	OR (NOT RnW AND A(7) AND A(6) AND A(4) AND A(2) AND A(1) AND 
	A(0) AND NOT nPFC AND NOT A(3) AND NOT A(5) AND nRST AND NOT D(4).PIN AND 
	test(4).LFBK));
D(4) <= D_I(4) when D_OE(4) = '1' else 'Z';
D_OE(4) <= (RnW AND Phi0 AND A(7) AND A(6) AND A(4) AND A(2) AND 
	A(1) AND A(0) AND NOT nPFC AND NOT A(3) AND NOT A(5));

FTCPE_D5: FTCPE port map (D_I(5),D_T(5),NOT Phi0,'0','0');
D_T(5) <= ((NOT nRST AND test(5).LFBK)
	OR (NOT RnW AND A(7) AND A(6) AND A(4) AND A(2) AND A(1) AND 
	A(0) AND NOT nPFC AND NOT A(3) AND NOT A(5) AND NOT D(5).PIN AND test(5).LFBK)
	OR (NOT RnW AND A(7) AND A(6) AND A(4) AND A(2) AND A(1) AND 
	A(0) AND NOT nPFC AND NOT A(3) AND NOT A(5) AND nRST AND D(5).PIN AND 
	NOT test(5).LFBK));
D(5) <= D_I(5) when D_OE(5) = '1' else 'Z';
D_OE(5) <= (RnW AND Phi0 AND A(7) AND A(6) AND A(4) AND A(2) AND 
	A(1) AND A(0) AND NOT nPFC AND NOT A(3) AND NOT A(5));

FTCPE_D6: FTCPE port map (D_I(6),D_T(6),NOT Phi0,'0','0');
D_T(6) <= ((NOT nRST AND NOT test(6).LFBK)
	OR (NOT RnW AND A(7) AND A(6) AND A(4) AND A(2) AND A(1) AND 
	A(0) AND NOT nPFC AND NOT A(3) AND NOT A(5) AND D(6).PIN AND NOT test(6).LFBK)
	OR (NOT RnW AND A(7) AND A(6) AND A(4) AND A(2) AND A(1) AND 
	A(0) AND NOT nPFC AND NOT A(3) AND NOT A(5) AND nRST AND NOT D(6).PIN AND 
	test(6).LFBK));
D(6) <= D_I(6) when D_OE(6) = '1' else 'Z';
D_OE(6) <= (RnW AND Phi0 AND A(7) AND A(6) AND A(4) AND A(2) AND 
	A(1) AND A(0) AND NOT nPFC AND NOT A(3) AND NOT A(5));

FTCPE_D7: FTCPE port map (D_I(7),D_T(7),NOT Phi0,'0','0');
D_T(7) <= ((NOT nRST AND test(7).LFBK)
	OR (NOT RnW AND A(7) AND A(6) AND A(4) AND A(2) AND A(1) AND 
	A(0) AND NOT nPFC AND NOT A(3) AND NOT A(5) AND NOT D(7).PIN AND test(7).LFBK)
	OR (NOT RnW AND A(7) AND A(6) AND A(4) AND A(2) AND A(1) AND 
	A(0) AND NOT nPFC AND NOT A(3) AND NOT A(5) AND nRST AND D(7).PIN AND 
	NOT test(7).LFBK));
D(7) <= D_I(7) when D_OE(7) = '1' else 'Z';
D_OE(7) <= (RnW AND Phi0 AND A(7) AND A(6) AND A(4) AND A(2) AND 
	A(1) AND A(0) AND NOT nPFC AND NOT A(3) AND NOT A(5));


DIRA <= RnW;

FDCPE_NMID: FDCPE port map (NMID,NOT nNMI1MHz,NOT Phi0,NOT nRST,'0');

FDCPE_Phi0S: FDCPE port map (Phi0S,Phi0,NOT CLK16MHz,'0','0');


S1RnW <= NOT (((NOT RnW AND Phi0 AND NOT MMCM)
	OR (NOT RnW AND Phi0 AND AEN)));


S2RnW <= NOT (((NOT RnW AND Phi0 AND BEN AND QA)
	OR (NOT RnW AND Phi0 AND NOT MMCM AND AEN AND NOT QA)
	OR (NOT RnW AND Phi0 AND AEN AND NOT R13256KS AND NOT QA)));


nCE1 <= NOT (((MMCM AND NOT nROE AND R13256KS AND NOT QA)
	OR (NOT MMCM AND A(11) AND NOT nROE AND QA AND A(13) AND A(12))
	OR (NOT MMCM AND NOT nROE AND QA AND A(13) AND A(12) AND A(9) AND 
	A(10))));


nCE13 <= nROM13;


nCE2 <= ((nROE)
	OR (MMCM AND R13256KS AND NOT QA)
	OR (NOT MMCM AND A(11) AND QA AND A(13) AND A(12))
	OR (NOT MMCM AND QA AND A(13) AND A(12) AND A(9) AND A(10)));


nFCBx <= NOT ((A(7) AND NOT A(6) AND A(4) AND NOT nPFC AND A(5)));


nNMI_I <= '0';
nNMI <= nNMI_I when nNMI_OE = '1' else 'Z';
nNMI_OE <= NMID.LFBK;


nOE1 <= NOT RnW;


nOE13 <= NOT RnW;


nOE2 <= NOT RnW;


nSELA <= NOT ((Phi0 AND A(7) AND A(6) AND NOT A(4) AND NOT nPFC AND A(5)));


nSELB <= NOT (((Phi0 AND NOT nPFD)
	OR (Phi0 AND NOT A(7) AND NOT A(6) AND NOT nPFC)
	OR (Phi0 AND NOT A(6) AND NOT A(4) AND NOT nPFC)
	OR (Phi0 AND NOT A(7) AND NOT A(4) AND NOT nPFC AND NOT A(5))
	OR (Phi0 AND A(7) AND A(6) AND A(4) AND NOT nPFC AND A(5))));


nSELT <= NOT ((A(7) AND A(6) AND NOT A(4) AND NOT nPFC AND A(5)));

FTCPE_state0: FTCPE port map (state(0),state_T(0),CLK16MHz,'0','0');
state_T(0) <= ((NOT nRST AND NOT state(0).LFBK AND NOT state(1).LFBK)
	OR (RnW AND Phi0 AND A(7) AND A(6) AND NOT A(4) AND NOT nPFC AND 
	A(5) AND nRST AND state(0).LFBK AND state(1).LFBK AND 
	Phi0S.LFBK));

FDCPE_state1: FDCPE port map (state(1),state_D(1),CLK16MHz,'0','0');
state_D(1) <= ((nRST AND state(0).LFBK)
	OR (NOT state(0).LFBK AND state(1).LFBK AND Phi0S.LFBK));

FTCPE_syncCount0: FTCPE port map (syncCount(0),syncCount_T(0),CLK16MHz,'0','0');
syncCount_T(0) <= (NOT state(0).LFBK AND state(1).LFBK AND NOT Phi0S.LFBK AND 
	syncCount(0).LFBK);

FDCPE_syncCount1: FDCPE port map (syncCount(1),syncCount_D(1),CLK16MHz,'0','0');
syncCount_D(1) <= ((syncCount(0).LFBK AND syncCount(1).LFBK)
	OR (NOT syncCount(0).LFBK AND NOT syncCount(1).LFBK)
	OR (NOT state(0).LFBK AND state(1).LFBK AND NOT Phi0S.LFBK));

FDCPE_syncCount2: FDCPE port map (syncCount(2),syncCount_D(2),CLK16MHz,'0','0');
syncCount_D(2) <= ((NOT syncCount(0).LFBK AND NOT syncCount(2).LFBK)
	OR (NOT syncCount(1).LFBK AND NOT syncCount(2).LFBK)
	OR (NOT state(0).LFBK AND state(1).LFBK AND NOT Phi0S.LFBK)
	OR (syncCount(0).LFBK AND syncCount(1).LFBK AND 
	syncCount(2).LFBK));

Register Legend:
 FDCPE (Q,D,C,CLR,PRE); 
 FTCPE (Q,D,C,CLR,PRE); 
 LDCP  (Q,D,G,CLR,PRE); 

******************************  Device Pin Out *****************************

Device : XC9572-15-TQ100


   --------------------------------------------------  
  /100 98  96  94  92  90  88  86  84  82  80  78  76  \
 |   99  97  95  93  91  89  87  85  83  81  79  77    |
 | 1                                               75  | 
 | 2                                               74  | 
 | 3                                               73  | 
 | 4                                               72  | 
 | 5                                               71  | 
 | 6                                               70  | 
 | 7                                               69  | 
 | 8                                               68  | 
 | 9                                               67  | 
 | 10                                              66  | 
 | 11                                              65  | 
 | 12                                              64  | 
 | 13                XC9572-15-TQ100               63  | 
 | 14                                              62  | 
 | 15                                              61  | 
 | 16                                              60  | 
 | 17                                              59  | 
 | 18                                              58  | 
 | 19                                              57  | 
 | 20                                              56  | 
 | 21                                              55  | 
 | 22                                              54  | 
 | 23                                              53  | 
 | 24                                              52  | 
 | 25                                              51  | 
 |   27  29  31  33  35  37  39  41  43  45  47  49    |
  \26  28  30  32  34  36  38  40  42  44  46  48  50  /
   --------------------------------------------------  


Pin Signal                         Pin Signal                        
No. Name                           No. Name                          
  1 TIE                              51 VCC                           
  2 NC                               52 TIE                           
  3 A<6>                             53 TIE                           
  4 A<9>                             54 TIE                           
  5 VCC                              55 TIE                           
  6 A<5>                             56 TIE                           
  7 NC                               57 VCC                           
  8 A<11>                            58 nPFC                          
  9 A<4>                             59 nPFD                          
 10 nOE2                             60 QA                            
 11 nOE1                             61 nNMI                          
 12 A<10>                            62 GND                           
 13 nCE1                             63 TIE                           
 14 nCE2                             64 TIE                           
 15 A<1>                             65 TIE                           
 16 D<7>                             66 TIE                           
 17 A<0>                             67 R13256KS                      
 18 D<6>                             68 nSELA                         
 19 NC                               69 GND                           
 20 A<3>                             70 MMCM                          
 21 GND                              71 nNMI1MHz                      
 22 RnW                              72 BnPFC                         
 23 CLK16MHz                         73 NC                            
 24 NC                               74 BRnW                          
 25 D<5>                             75 GND                           
 26 VCC                              76 B1MHz                         
 27 Phi0                             77 TIE                           
 28 D<1>                             78 TIE                           
 29 D<4>                             79 TIE                           
 30 D<2>                             80 NC                            
 31 GND                              81 TIE                           
 32 D<3>                             82 TIE                           
 33 A<2>                             83 TDO                           
 34 NC                               84 GND                           
 35 D<0>                             85 BnPFD                         
 36 LKD13                            86 DIRA                          
 37 LKD02                            87 BnRW                          
 38 VCC                              88 VCC                           
 39 A<12>                            89 nSELT                         
 40 nCE13                            90 nSELB                         
 41 nROM13                           91 nOE13                         
 42 TIE                              92 BRnW13                        
 43 NC                               93 A14                           
 44 GND                              94 S1RnW                         
 45 TDI                              95 S2RnW                         
 46 NC                               96 nFCBx                         
 47 TMS                              97 A<13>                         
 48 TCK                              98 VCC                           
 49 nROE                             99 A<7>                          
 50 nRST                            100 GND                           


Legend :  NC  = Not Connected, unbonded pin
         PGND = Unused I/O configured as additional Ground pin
         TIE  = Unused I/O floating -- must tie to VCC, GND or other signal
         VCC  = Dedicated Power Pin
         GND  = Dedicated Ground Pin
         TDI  = Test Data In, JTAG pin
         TDO  = Test Data Out, JTAG pin
         TCK  = Test Clock, JTAG pin
         TMS  = Test Mode Select, JTAG pin
  PROHIBITED  = User reserved pin
****************************  Compiler Options  ****************************

Following is a list of all global compiler options used by the fitter run.

Device(s) Specified                         : xc9572-15-TQ100
Optimization Method                         : SPEED
Multi-Level Logic Optimization              : ON
Ignore Timing Specifications                : OFF
Default Register Power Up Value             : LOW
Keep User Location Constraints              : ON
What-You-See-Is-What-You-Get                : OFF
Exhaustive Fitting                          : OFF
Keep Unused Inputs                          : OFF
Slew Rate                                   : FAST
Power Mode                                  : STD
Ground on Unused IOs                        : OFF
Global Clock Optimization                   : ON
Global Set/Reset Optimization               : ON
Global Ouput Enable Optimization            : ON
FASTConnect/UIM optimzation                 : ON
Local Feedback                              : ON
Pin Feedback                                : ON
Input Limit                                 : 36
Pterm Limit                                 : 25
